GLIBC_2.2.5 {
  global:
    __libc_stack_end;
    _dl_mcount;
    _r_debug;
};
GLIBC_2.3 {
  global:
    __tls_get_addr;
} GLIBC_2.2.5;
GLIBC_2.4 {
} GLIBC_2.3;
GLIBC_2.34 {
} GLIBC_2.4;
GLIBC_2.35 {
  global:
    __rseq_flags;
    __rseq_offset;
    __rseq_size;
} GLIBC_2.34;
GLIBC_PRIVATE {
  global:
    __libc_enable_secure;
    __libc_ldso_dladdr;
    __libc_ldso_dladdr1;
    __libc_ldso_dlclose;
    __libc_ldso_dlerror;
    __libc_ldso_dlinfo;
    __libc_ldso_dlopen;
    __libc_ldso_dlsym;
    __libc_ldso_dlvsym;
    __libc_ldso_find_object;
    __libc_ldso_init_main;
    __libc_ldso_iterate_phdr;
    __libc_ldso_main_runs_own_init;
    __libc_ldso_tls_free_block;
    __libc_ldso_tls_info;
    __libc_ldso_tls_init_block;
    __nptl_initial_report_events;
    __tunable_get_val;
    __tunable_is_initialized;
    _dl_allocate_tls;
    _dl_allocate_tls_init;
    _dl_argv;
    _dl_audit_preinit;
    _dl_audit_symbind_alt;
    _dl_catch_exception;
    _dl_deallocate_tls;
    _dl_debug_state;
    _dl_exception_create;
    _dl_exception_create_format;
    _dl_exception_free;
    _dl_fatal_printf;
    _dl_find_dso_for_object;
    _dl_get_tls_static_info;
    _dl_rtld_di_serinfo;
    _dl_signal_error;
    _dl_signal_exception;
    _dl_x86_get_cpu_features;
    _rtld_global;
    _rtld_global_ro;
  local:
    *;
} GLIBC_2.35;
