GLIBC_2.2.5 {
  global:
    __stub_GLIBC_2_2_5;
};
GLIBC_2.4 {
  global:
    __stub_GLIBC_2_4;
} GLIBC_2.2.5;
GLIBC_2.15 {
  global:
    __stub_GLIBC_2_15;
} GLIBC_2.4;
GLIBC_2.18 {
  global:
    __stub_GLIBC_2_18;
} GLIBC_2.15;
GLIBC_2.23 {
  global:
    __stub_GLIBC_2_23;
} GLIBC_2.18;
GLIBC_2.24 {
  global:
    __stub_GLIBC_2_24;
} GLIBC_2.23;
GLIBC_2.25 {
  global:
    __stub_GLIBC_2_25;
} GLIBC_2.24;
GLIBC_2.26 {
  global:
    __stub_GLIBC_2_26;
} GLIBC_2.25;
GLIBC_2.27 {
  global:
    __stub_GLIBC_2_27;
} GLIBC_2.26;
GLIBC_2.28 {
  global:
    __stub_GLIBC_2_28;
} GLIBC_2.27;
GLIBC_2.29 {
  global:
    __stub_GLIBC_2_29;
} GLIBC_2.28;
GLIBC_2.31 {
  global:
    __stub_GLIBC_2_31;
} GLIBC_2.29;
GLIBC_2.32 {
  global:
    __stub_GLIBC_2_32;
} GLIBC_2.31;
GLIBC_2.35 {
  global:
    __stub_GLIBC_2_35;
} GLIBC_2.32;
GLIBC_2.38 {
  global:
    __stub_GLIBC_2_38;
} GLIBC_2.35;
GLIBC_2.39 {
  global:
    __stub_GLIBC_2_39;
} GLIBC_2.38;
GLIBC_2.40 {
  global:
    __stub_GLIBC_2_40;
} GLIBC_2.39;
GLIBC_2.41 {
  global:
    __stub_GLIBC_2_41;
} GLIBC_2.40;
GLIBC_2.42 {
  global:
    __stub_GLIBC_2_42;
} GLIBC_2.41;
GLIBC_2.43 {
  global:
    __stub_GLIBC_2_43;
  local:
    *;
} GLIBC_2.42;
